---
source: tests/ir_snapshots.rs
expression: lowered_str
---
BackendCircuit {
    backend: TrappedIon,
    num_qubits: 4,
    num_clbits: 0,
    gates: [
        Rz(
            0,
            3.141592653589,
        ),
        Rot(
            0,
            1.570796326794,
        ),
        Rzz(
            1,
            0,
            -0.785398163397,
        ),
        Rz(
            1,
            -2.356194490192,
        ),
        Rot(
            1,
            1.570796326794,
        ),
        Rzz(
            2,
            0,
            -0.392699081698,
        ),
        Rzz(
            2,
            1,
            -0.785398163397,
        ),
        Rz(
            2,
            -1.963495408493,
        ),
        Rot(
            2,
            1.570796326794,
        ),
        Rzz(
            3,
            0,
            -0.196349540849,
        ),
        Rzz(
            3,
            1,
            -0.392699081698,
        ),
        Rzz(
            3,
            2,
            -0.785398163397,
        ),
        Rz(
            3,
            -1.767145867644,
        ),
        Rot(
            3,
            1.570796326794,
        ),
        Rz(
            0,
            1.374446785945,
        ),
        Rz(
            1,
            1.178097245096,
        ),
        Rz(
            2,
            0.785398163397,
        ),
    ],
}
