---
source: tests/ir_snapshots.rs
expression: native_opt_str
---
NativeCircuit {
    num_qubits: 4,
    num_clbits: 0,
    gates: [
        Rz(
            0,
            3.141592653589,
        ),
        Ry(
            0,
            1.570796326794,
        ),
        Rz(
            1,
            3.141592653589,
        ),
        Ry(
            1,
            1.570796326794,
        ),
        Rz(
            0,
            1.570796326794,
        ),
        Rz(
            1,
            1.570796326794,
        ),
        Rzz(
            0,
            1,
            -1.570796326794,
        ),
        Rz(
            1,
            3.141592653589,
        ),
        Ry(
            1,
            1.570796326794,
        ),
        Rz(
            2,
            3.141592653589,
        ),
        Ry(
            2,
            1.570796326794,
        ),
        Rz(
            0,
            1.570796326794,
        ),
        Rz(
            2,
            1.570796326794,
        ),
        Rzz(
            0,
            2,
            -1.570796326794,
        ),
        Rz(
            2,
            3.141592653589,
        ),
        Ry(
            2,
            1.570796326794,
        ),
        Rz(
            3,
            3.141592653589,
        ),
        Ry(
            3,
            1.570796326794,
        ),
        Rz(
            0,
            1.570796326794,
        ),
        Rz(
            3,
            1.570796326794,
        ),
        Rzz(
            0,
            3,
            -1.570796326794,
        ),
        Rz(
            3,
            3.141592653589,
        ),
        Ry(
            3,
            1.570796326794,
        ),
    ],
}
