---
source: tests/ir_snapshots.rs
expression: lowered
---
BackendCircuit {
    backend: Rigetti,
    num_qubits: 4,
    num_clbits: 0,
    gates: [
        Cz(
            1,
            0,
        ),
        Rz(
            0,
            1.5707963267948966,
        ),
        Rot(
            0,
            1.5707963267948966,
        ),
        Rz(
            1,
            1.5707963267948966,
        ),
        Rot(
            1,
            1.5707963267948966,
        ),
        Cz(
            0,
            1,
        ),
        Rz(
            1,
            3.141592653589793,
        ),
        Rot(
            1,
            1.5707963267948966,
        ),
        Rz(
            2,
            1.5707963267948966,
        ),
        Rot(
            2,
            1.5707963267948966,
        ),
        Cz(
            1,
            2,
        ),
        Rz(
            0,
            3.141592653589793,
        ),
        Rot(
            0,
            1.5707963267948966,
        ),
        Cz(
            1,
            0,
        ),
        Rz(
            0,
            3.141592653589793,
        ),
        Rot(
            0,
            1.5707963267948966,
        ),
        Rz(
            1,
            3.141592653589793,
        ),
        Rot(
            1,
            1.5707963267948966,
        ),
        Cz(
            0,
            1,
        ),
        Rz(
            1,
            3.141592653589793,
        ),
        Rot(
            1,
            1.5707963267948966,
        ),
        Rz(
            0,
            3.141592653589793,
        ),
        Rot(
            0,
            1.5707963267948966,
        ),
        Cz(
            1,
            0,
        ),
        Rz(
            0,
            3.141592653589793,
        ),
        Rot(
            0,
            1.5707963267948966,
        ),
        Rz(
            3,
            1.5707963267948966,
        ),
        Rot(
            3,
            1.5707963267948966,
        ),
        Cz(
            0,
            3,
        ),
        Rz(
            2,
            3.141592653589793,
        ),
        Rot(
            2,
            1.5707963267948966,
        ),
        Rz(
            3,
            3.141592653589793,
        ),
        Rot(
            3,
            1.5707963267948966,
        ),
        Rz(
            0,
            1.5707963267948966,
        ),
        Rz(
            1,
            1.5707963267948966,
        ),
        Rz(
            2,
            1.5707963267948966,
        ),
        Rz(
            3,
            1.5707963267948966,
        ),
    ],
}
