---
source: tests/ir_snapshots.rs
expression: source
---
Circuit {
    num_qubits: 4,
    num_clbits: 0,
    gates: [
        H(
            0,
        ),
        Cp(
            1,
            0,
            1.5707963267948966,
        ),
        Cp(
            2,
            0,
            0.7853981633974483,
        ),
        Cp(
            3,
            0,
            0.39269908169872414,
        ),
        H(
            1,
        ),
        Cp(
            2,
            1,
            1.5707963267948966,
        ),
        Cp(
            3,
            1,
            0.7853981633974483,
        ),
        H(
            2,
        ),
        Cp(
            3,
            2,
            1.5707963267948966,
        ),
        H(
            3,
        ),
    ],
}
