---
source: tests/ir_snapshots.rs
expression: lowered
---
BackendCircuit {
    backend: IbmQ,
    num_qubits: 4,
    num_clbits: 0,
    gates: [
        Rz(
            0,
            1.5707963267948966,
        ),
        Rot(
            0,
            1.5707963267948966,
        ),
        Rz(
            0,
            2.356194490192345,
        ),
        Cx(
            1,
            0,
        ),
        Rz(
            0,
            -0.7853981633974484,
        ),
        Cx(
            1,
            0,
        ),
        Rz(
            1,
            2.356194490192345,
        ),
        Rot(
            1,
            1.5707963267948966,
        ),
        Rz(
            1,
            1.5707963267948966,
        ),
        Cx(
            2,
            1,
        ),
        Cx(
            1,
            2,
        ),
        Cx(
            2,
            1,
        ),
        Rz(
            0,
            0.39269908169872414,
        ),
        Cx(
            1,
            0,
        ),
        Rz(
            0,
            -0.39269908169872414,
        ),
        Cx(
            1,
            0,
        ),
        Rz(
            2,
            0.7853981633974483,
        ),
        Cx(
            1,
            2,
        ),
        Rz(
            2,
            -0.7853981633974484,
        ),
        Cx(
            1,
            2,
        ),
        Cx(
            3,
            2,
        ),
        Cx(
            2,
            3,
        ),
        Cx(
            3,
            2,
        ),
        Rz(
            1,
            2.7488935718910694,
        ),
        Rot(
            1,
            1.5707963267948966,
        ),
        Rz(
            1,
            1.5707963267948966,
        ),
        Cx(
            2,
            1,
        ),
        Cx(
            1,
            2,
        ),
        Cx(
            2,
            1,
        ),
        Rz(
            0,
            0.19634954084936207,
        ),
        Cx(
            1,
            0,
        ),
        Rz(
            0,
            -0.19634954084936207,
        ),
        Cx(
            1,
            0,
        ),
        Cx(
            1,
            2,
        ),
        Rz(
            1,
            0.19634954084936207,
        ),
        Cx(
            2,
            1,
        ),
        Cx(
            1,
            2,
        ),
        Rz(
            3,
            0.39269908169872414,
        ),
        Cx(
            2,
            3,
        ),
        Rz(
            3,
            -0.39269908169872414,
        ),
        Cx(
            2,
            3,
        ),
        Rz(
            1,
            0.7853981633974483,
        ),
        Cx(
            2,
            1,
        ),
        Rz(
            1,
            -0.7853981633974484,
        ),
        Cx(
            2,
            1,
        ),
        Rz(
            2,
            2.7488935718910694,
        ),
        Rot(
            2,
            1.5707963267948966,
        ),
        Rz(
            2,
            1.5707963267948966,
        ),
        Cx(
            3,
            2,
        ),
        Cx(
            2,
            3,
        ),
        Cx(
            3,
            2,
        ),
        Cx(
            2,
            1,
        ),
        Cx(
            1,
            2,
        ),
        Cx(
            2,
            1,
        ),
    ],
}
